// Jest Snapshot v1, https://goo.gl/fbAQLP

exports[`Dropdown should render (snapshot 1`] = `
<div
  className="container"
>
  <div
    onClick={[Function]}
  >
    <button>
      555
    </button>
  </div>
</div>
`;
